---
source: tests/tui_stories.rs
assertion_line: 39
expression: output
---
╭ ¹cpu  42.0% @ 3400MHz  8.5W  55°C ───────────────────────────────────────────╮
│                                                                        c m p │
│                                                                              │
│                                                                              │
│                                                                              │
│                                                                              │
│                                                                              │
│                                                                              │
│                                                                              │
│                                                                              │
│                                                                              │
│                                                                              │
│                                                                              │
│                                                                              │
│                                                                              │
│                                                                              │
│                                                                              │
│                                                                              │
│                                                                              │
│                                                                              │
│                                                                              │
│                                                                              │
│                                                                              │
│                                                                              │
│                                                                              │
│                                                                              │
│                                                                              │
│                                                                              │
│                                                                              │
│                                                                              │
│                                                                              │
│                                                                              │
│                                                                              │
│                                                                              │
│                                                                              │
│                                                                              │
│                                                                              │
│                                                                              │
│  E: 0% @ 1200MHz  P: 0% @ 3400MHz                                            │
╰──────────────────────────────────────────────────────────────────────────────╯
