---
source: tests/tui_stories.rs
assertion_line: 22
expression: output
---
╭ ¹cpu  42.0% @ 3400MHz  8.5W  55°C ───────────────────────────────────────────╮
│           ⣀⣤⣤⣤⣀                                                              │
│         ⣴⣾⣿⣿⣿⣿⣿⣷⣦                                                            │
│       ⢠⣾⣿⣿⣿⣿⣿⣿⣿⣿⣿⣷⡄                                                          │
│      ⣰⣿⣿⣿⣿⣿⣿⣿⣿⣿⣿⣿⣿⣿⣆                                                         │
│     ⣴⣿⣿⣿⣿⣿⣿⣿⣿⣿⣿⣿⣿⣿⣿⣿⣦                                                        │
│    ⣼⣿⣿⣿⣿⣿⣿⣿⣿⣿⣿⣿⣿⣿⣿⣿⣿⣿⣧                                                       │
│   ⣼⣿⣿⣿⣿⣿⣿⣿⣿⣿⣿⣿⣿⣿⣿⣿⣿⣿⣿⣿⣧                                                      │
│  ⣼⣿⣿⣿⣿⣿⣿⣿⣿⣿⣿⣿⣿⣿⣿⣿⣿⣿⣿⣿⣿⣿⣧                                                     │
│ ⣼⣿⣿⣿⣿⣿⣿⣿⣿⣿⣿⣿⣿⣿⣿⣿⣿⣿⣿⣿⣿⣿⣿⣿⣧                                                    │
│  E: 24% @ 1200MHz  P: 67% @ 3400MHz                                          │
╰──────────────────────────────────────────────────────────────────────────────╯
